Microchip MPLAB XC8 Compiler V1.44 ()

Linker command line:

-W-3 --edf=C:\Program Files (x86)\Microchip\xc8\v1.44\dat\en_msgs.txt -cs \
  -h+dist/default/production\LCD_PWM.production.sym \
  --cmf=dist/default/production\LCD_PWM.production.cmf -z -Q18F4550 \
  -oC:\Users\hugos\AppData\Local\Temp\s3pk.2 \
  -Mdist/default/production/LCD_PWM.production.map -E1 -ver=XC8 \
  -ASTACK=08Ch-07ffh -pstack=STACK -ACODE=00h-07FFFh -ACONST=00h-07FFFh \
  -ASMALLCONST=0800h-08FFhx120 -AMEDIUMCONST=0800h-07FFFh -ACOMRAM=01h-05Fh \
  -AABS1=00h-07FFh -ABIGRAM=01h-07FFh -ARAM=060h-0FFh,0100h-01FFhx7 \
  -ABANK0=060h-0FFh -ABANK1=0100h-01FFh -ABANK2=0200h-02FFh \
  -ABANK3=0300h-03FFh -ABANK4=0400h-04FFh -ABANK5=0500h-05FFh \
  -ABANK6=0600h-06FFh -ABANK7=0700h-07FFh -ASFR=0F60h-0FFFh \
  -preset_vec=00h,intcode=08h,intcodelo,powerup,init -pramtop=0800h \
  -psmallconst=SMALLCONST -pmediumconst=MEDIUMCONST -pconst=CONST \
  -AFARRAM=00h-00h -ACONFIG=0300000h-030000Dh -pconfig=CONFIG \
  -AIDLOC=0200000h-0200007h -pidloc=IDLOC -AEEDATA=0F00000h-0F000FFh \
  -peeprom_data=EEDATA \
  -prdata=COMRAM,nvrram=COMRAM,nvbit=COMRAM,rbss=COMRAM,rbit=COMRAM \
  -pfarbss=FARRAM,fardata=FARRAM,nvFARRAM=FARRAM \
  -pintsave_regs=BIGRAM,bigbss=BIGRAM,bigdata=BIGRAM -pbss=RAM \
  -pidata=CODE,irdata=CODE,ibigdata=CODE,ifardata=CODE -prparam=COMRAM \
  C:\Users\hugos\AppData\Local\Temp\s3pk.obj \
  dist/default/production\LCD_PWM.production.obj 

Object code version is 3.11

Machine type is 18F4550

Call graph: (short form)




                Name                               Link     Load   Length Selector   Space Scale
C:\Users\hugos\AppData\Local\Temp\s3pk.obj
                init                                  E        E        4        4       0
                reset_vec                             0        0        4        0       0
                config                           300000   300000        E   300000       0
dist/default/production\LCD_PWM.production.obj
                intcode                               8        8        6        4       0
                temp                                 4A       4A        1        1       1
                smallconst                          800      800       86      400       0
                intcode_body                       1C80     1C80       BE      443       0
                text29                             239A     239A       18      443       0
                text28                             1D3E     1D3E       AE      443       0
                text27                             1B9A     1B9A       E6      443       0
                text26                             233E     233E       24      443       0
                text25                             202C     202C       80      443       0
                text24                             2296     2296       30      443       0
                text23                             22C6     22C6       2E      443       0
                text22                             2380     2380       1A      443       0
                text21                             20AC     20AC       76      443       0
                text20                             1E96     1E96       90      443       0
                text19                             231A     231A       24      443       0
                text18                             15A6     15A6      1AE      443       0
                text17                             2254     2254       42      443       0
                text16                             19AE     19AE       F8      443       0
                text15                             1FAA     1FAA       82      443       0
                text14                             2192     2192       66      443       0
                text13                             21F8     21F8       5C      443       0
                text12                             1886     1886      128      443       0
                text11                             1754     1754      132      443       0
                text10                             1F26     1F26       84      443       0
                text9                              2122     2122       70      443       0
                text8                              1AA6     1AA6       F4      443       0
                text7                              22F4     22F4       26      443       0
                text6                              1354     1354      252      443       0
                text5                              2362     2362       1E      443       0
                text4                              23C0     23C0        E      443       0
                text3                              23CE     23CE        A      443       0
                text2                               F4C      F4C      408      443       0
                text1                               886      886      6C6      443       0
                text0                              1DEC     1DEC       AA      443       0
                cstackCOMRAM                          1        1       49        1       1
                cstackBANK0                          60       60       2B       60       1
                cinit                              23B2     23B2        E      443       0
                nvBANK0                              8B       8B        1       60       1

TOTAL           Name                               Link     Load   Length     Space
        CLASS   STACK          

        CLASS   CODE           
                intcode                               8        8        6         0
                init                                  E        E        4         0
                reset_vec                             0        0        4         0
                intcode_body                       1C80     1C80       BE         0
                text29                             239A     239A       18         0
                text28                             1D3E     1D3E       AE         0
                text27                             1B9A     1B9A       E6         0
                text26                             233E     233E       24         0
                text25                             202C     202C       80         0
                text24                             2296     2296       30         0
                text23                             22C6     22C6       2E         0
                text22                             2380     2380       1A         0
                text21                             20AC     20AC       76         0
                text20                             1E96     1E96       90         0
                text19                             231A     231A       24         0
                text18                             15A6     15A6      1AE         0
                text17                             2254     2254       42         0
                text16                             19AE     19AE       F8         0
                text15                             1FAA     1FAA       82         0
                text14                             2192     2192       66         0
                text13                             21F8     21F8       5C         0
                text12                             1886     1886      128         0
                text11                             1754     1754      132         0
                text10                             1F26     1F26       84         0
                text9                              2122     2122       70         0
                text8                              1AA6     1AA6       F4         0
                text7                              22F4     22F4       26         0
                text6                              1354     1354      252         0
                text5                              2362     2362       1E         0
                text4                              23C0     23C0        E         0
                text3                              23CE     23CE        A         0
                text2                               F4C      F4C      408         0
                text1                               886      886      6C6         0
                text0                              1DEC     1DEC       AA         0
                cinit                              23B2     23B2        E         0

        CLASS   CONST          

        CLASS   SMALLCONST     
                smallconst                          800      800       86         0

        CLASS   MEDIUMCONST    

        CLASS   COMRAM         
                temp                                 4A       4A        1         1
                cstackCOMRAM                          1        1       49         1

        CLASS   ABS1           

        CLASS   BIGRAM         

        CLASS   RAM            

        CLASS   BANK0          
                cstackBANK0                          60       60       2B         1
                nvBANK0                              8B       8B        1         1

        CLASS   BANK1          

        CLASS   BANK2          

        CLASS   BANK3          

        CLASS   BANK4          

        CLASS   BANK5          

        CLASS   BANK6          

        CLASS   BANK7          

        CLASS   SFR            

        CLASS   FARRAM         

        CLASS   CONFIG         
                config                           300000   300000        E         0

        CLASS   IDLOC          

        CLASS   EEDATA         



SEGMENTS        Name                           Load    Length   Top    Selector   Space  Class

                reset_vec                      000000  000004  000004         0       0  CODE    
                cstackCOMRAM                   000001  00004A  00004B         1       1  COMRAM  
                intcode                        000008  00000A  000012         4       0  CODE    
                cstackBANK0                    000060  00002C  00008C        60       1  BANK0   
                smallconst                     000800  000086  000886       400       0  SMALLCON
                text1                          000886  001B52  0023D8       443       0  CODE    
                config                         300000  00000E  30000E    300000       0  CONFIG  


UNUSED ADDRESS RANGES

        Name                Unused          Largest block    Delta
        BANK0            00008C-0000FF               74
        BANK1            000100-0001FF              100
        BANK2            000200-0002FF              100
        BANK3            000300-0003FF              100
        BANK4            000400-0004FF              100
        BANK5            000500-0005FF              100
        BANK6            000600-0006FF              100
        BANK7            000700-0007FF              100
        BIGRAM           00004B-00005F               15
                         00008C-0007FF              774
        CODE             000004-000007                4
                         000012-0007FF              7EE
                         0023D8-007FFF             5C28
        COMRAM           00004B-00005F               15
        CONST            000004-000007                4
                         000012-0007FF              7EE
                         0023D8-007FFF             5C28
        EEDATA           F00000-F000FF              100
        IDLOC            200000-200007                8
        MEDIUMCONST      0023D8-007FFF             5C28
        RAM              00008C-0007FF              100
        SFR              000F60-000FFF               A0
        SMALLCONST       0023D8-007FFF              100
        STACK            00008C-0007FF              774

                                  Symbol Table

?_ADC_Read                 cstackCOMRAM 000014
?___awdiv                  cstackCOMRAM 00001A
?___awmod                  cstackCOMRAM 000014
?___ftadd                  cstackCOMRAM 000041
?___ftdiv                  cstackCOMRAM 000020
?___ftmul                  cstackCOMRAM 000028
?___ftneg                  cstackCOMRAM 000014
?___ftpack                 cstackCOMRAM 000014
?___ftsub                  cstackBANK0  000063
?___fttol                  cstackCOMRAM 00003E
?___lbtoft                 cstackCOMRAM 00001C
?___lldiv                  cstackCOMRAM 000014
?___llmod                  cstackCOMRAM 000014
?___lltoft                 cstackCOMRAM 00001C
?___wmul                   cstackCOMRAM 000022
?__div_to_l_               cstackCOMRAM 000014
?__tdiv_to_l_              cstackCOMRAM 000014
?_fround                   cstackCOMRAM 000037
?_printf                   cstackBANK0  000069
?_scale                    cstackCOMRAM 000037
ADC_Read@aux               cstackCOMRAM 000016
_ADCON0                    (abs)        000FC2
_ADCON0bits                (abs)        000FC2
_ADCON1                    (abs)        000FC1
_ADCON2                    (abs)        000FC0
_ADC_Read                  text29       00239A
_ADRES                     (abs)        000FC3
_GIE                       (abs)        007F97
_OSCCON                    (abs)        000FD3
_PEIE                      (abs)        007F96
_PORTA                     (abs)        000F80
_PORTC                     (abs)        000F82
_PORTCbits                 (abs)        000F82
_PORTD                     (abs)        000F83
_PORTDbits                 (abs)        000F83
_PR2                       (abs)        000FCB
_T2CON                     (abs)        000FCA
_TMR2                      (abs)        000FCC
_TMR2IE                    (abs)        007CE9
_TMR2IF                    (abs)        007CF1
_TMR2ON                    (abs)        007E52
_TRISA                     (abs)        000F92
_TRISC                     (abs)        000F94
_TRISD                     (abs)        000F95
__CFG_BOR$ON               (abs)        000000
__CFG_BORV$3               (abs)        000000
__CFG_CCP2MX$ON            (abs)        000000
__CFG_CP0$OFF              (abs)        000000
__CFG_CP1$OFF              (abs)        000000
__CFG_CP2$OFF              (abs)        000000
__CFG_CP3$OFF              (abs)        000000
__CFG_CPB$OFF              (abs)        000000
__CFG_CPD$OFF              (abs)        000000
__CFG_CPUDIV$OSC1_PLL2     (abs)        000000
__CFG_EBTR0$OFF            (abs)        000000
__CFG_EBTR1$OFF            (abs)        000000
__CFG_EBTR2$OFF            (abs)        000000
__CFG_EBTR3$OFF            (abs)        000000
__CFG_EBTRB$OFF            (abs)        000000
__CFG_FCMEN$OFF            (abs)        000000
__CFG_FOSC$INTOSC_HS       (abs)        000000
__CFG_ICPRT$OFF            (abs)        000000
__CFG_IESO$OFF             (abs)        000000
__CFG_LPT1OSC$OFF          (abs)        000000
__CFG_LVP$OFF              (abs)        000000
__CFG_MCLRE$ON             (abs)        000000
__CFG_PBADEN$OFF           (abs)        000000
__CFG_PLLDIV$1             (abs)        000000
__CFG_PWRT$OFF             (abs)        000000
__CFG_STVREN$ON            (abs)        000000
__CFG_USBDIV$1             (abs)        000000
__CFG_VREGEN$OFF           (abs)        000000
__CFG_WDT$OFF              (abs)        000000
__CFG_WDTPS$32768          (abs)        000000
__CFG_WRT0$OFF             (abs)        000000
__CFG_WRT1$OFF             (abs)        000000
__CFG_WRT2$OFF             (abs)        000000
__CFG_WRT3$OFF             (abs)        000000
__CFG_WRTB$OFF             (abs)        000000
__CFG_WRTC$OFF             (abs)        000000
__CFG_WRTD$OFF             (abs)        000000
__CFG_XINST$OFF            (abs)        000000
__HRAM                     (abs)        000000
__Habs1                    abs1         000000
__Hbank0                   bank0        000000
__Hbank1                   bank1        000000
__Hbank2                   bank2        000000
__Hbank3                   bank3        000000
__Hbank4                   bank4        000000
__Hbank5                   bank5        000000
__Hbank6                   bank6        000000
__Hbank7                   bank7        000000
__Hbigbss                  bigbss       000000
__Hbigdata                 bigdata      000000
__Hbigram                  bigram       000000
__Hbss                     bss          000000
__Hcinit                   cinit        000000
__Hclrtext                 clrtext      000000
__Hcomram                  comram       000000
__Hconfig                  config       30000E
__Hconst                   const        000000
__HcstackBANK0             cstackBANK0  000000
__HcstackCOMRAM            cstackCOMRAM 000000
__Hdata                    data         000000
__Heeprom_data             eeprom_data  000000
__Hfarbss                  farbss       000000
__Hfardata                 fardata      000000
__Hibigdata                ibigdata     000000
__Hidata                   idata        000000
__Hidloc                   idloc        000000
__Hifardata                ifardata     000000
__Hinit                    init         000012
__Hintcode                 intcode      00000E
__Hintcode_body            intcode_body 000000
__Hintcodelo               intcodelo    00000E
__Hintentry                intentry     000000
__Hintret                  intret       000000
__Hintsave_regs            intsave_regs 000000
__Hirdata                  irdata       000000
__Hmediumconst             mediumconst  000000
__HnvBANK0                 nvBANK0      000000
__HnvFARRAM                nvFARRAM     000000
__Hnvbit                   nvbit        000000
__Hnvrram                  nvrram       000000
__Hparam                   rparam       000000
__Hpowerup                 powerup      00000E
__Hram                     ram          000000
__Hramtop                  ramtop       000800
__Hrbit                    rbit         000000
__Hrbss                    rbss         000000
__Hrdata                   rdata        000000
__Hreset_vec               reset_vec    000004
__Hrparam                  rparam       000000
__Hsfr                     sfr          000000
__Hsmallconst              smallconst   000886
__Hspace_0                 (abs)        30000E
__Hspace_1                 (abs)        00008C
__Hspace_2                 (abs)        000000
__Hstack                   stack        000000
__Hstruct                  struct       000000
__Htemp                    temp         00004B
__Htext                    text         000000
__Htext0                   text0        000000
__Htext1                   text1        000000
__Htext10                  text10       000000
__Htext11                  text11       000000
__Htext12                  text12       000000
__Htext13                  text13       000000
__Htext14                  text14       000000
__Htext15                  text15       000000
__Htext16                  text16       000000
__Htext17                  text17       000000
__Htext18                  text18       000000
__Htext19                  text19       000000
__Htext2                   text2        000000
__Htext20                  text20       000000
__Htext21                  text21       000000
__Htext22                  text22       000000
__Htext23                  text23       000000
__Htext24                  text24       000000
__Htext25                  text25       000000
__Htext26                  text26       000000
__Htext27                  text27       000000
__Htext28                  text28       000000
__Htext29                  text29       000000
__Htext3                   text3        000000
__Htext4                   text4        000000
__Htext5                   text5        000000
__Htext6                   text6        000000
__Htext7                   text7        000000
__Htext8                   text8        000000
__Htext9                   text9        000000
__LRAM                     (abs)        000001
__Labs1                    abs1         000000
__Lbank0                   bank0        000000
__Lbank1                   bank1        000000
__Lbank2                   bank2        000000
__Lbank3                   bank3        000000
__Lbank4                   bank4        000000
__Lbank5                   bank5        000000
__Lbank6                   bank6        000000
__Lbank7                   bank7        000000
__Lbigbss                  bigbss       000000
__Lbigdata                 bigdata      000000
__Lbigram                  bigram       000000
__Lbss                     bss          000000
__Lcinit                   cinit        000000
__Lclrtext                 clrtext      000000
__Lcomram                  comram       000000
__Lconfig                  config       300000
__Lconst                   const        000000
__LcstackBANK0             cstackBANK0  000000
__LcstackCOMRAM            cstackCOMRAM 000000
__Ldata                    data         000000
__Leeprom_data             eeprom_data  000000
__Lfarbss                  farbss       000000
__Lfardata                 fardata      000000
__Libigdata                ibigdata     000000
__Lidata                   idata        000000
__Lidloc                   idloc        000000
__Lifardata                ifardata     000000
__Linit                    init         00000E
__Lintcode                 intcode      000008
__Lintcode_body            intcode_body 000000
__Lintcodelo               intcodelo    00000E
__Lintentry                intentry     000000
__Lintret                  intret       000000
__Lintsave_regs            intsave_regs 000000
__Lirdata                  irdata       000000
__Lmediumconst             mediumconst  000000
__LnvBANK0                 nvBANK0      000000
__LnvFARRAM                nvFARRAM     000000
__Lnvbit                   nvbit        000000
__Lnvrram                  nvrram       000000
__Lparam                   rparam       000000
__Lpowerup                 powerup      00000E
__Lram                     ram          000000
__Lramtop                  ramtop       000800
__Lrbit                    rbit         000000
__Lrbss                    rbss         000000
__Lrdata                   rdata        000000
__Lreset_vec               reset_vec    000000
__Lrparam                  rparam       000000
__Lsfr                     sfr          000000
__Lsmallconst              smallconst   000800
__Lspace_0                 (abs)        000000
__Lspace_1                 (abs)        000000
__Lspace_2                 (abs)        000000
__Lstack                   stack        000000
__Lstruct                  struct       000000
__Ltemp                    temp         00004A
__Ltext                    text         000000
__Ltext0                   text0        000000
__Ltext1                   text1        000000
__Ltext10                  text10       000000
__Ltext11                  text11       000000
__Ltext12                  text12       000000
__Ltext13                  text13       000000
__Ltext14                  text14       000000
__Ltext15                  text15       000000
__Ltext16                  text16       000000
__Ltext17                  text17       000000
__Ltext18                  text18       000000
__Ltext19                  text19       000000
__Ltext2                   text2        000000
__Ltext20                  text20       000000
__Ltext21                  text21       000000
__Ltext22                  text22       000000
__Ltext23                  text23       000000
__Ltext24                  text24       000000
__Ltext25                  text25       000000
__Ltext26                  text26       000000
__Ltext27                  text27       000000
__Ltext28                  text28       000000
__Ltext29                  text29       000000
__Ltext3                   text3        000000
__Ltext4                   text4        000000
__Ltext5                   text5        000000
__Ltext6                   text6        000000
__Ltext7                   text7        000000
__Ltext8                   text8        000000
__Ltext9                   text9        000000
__S0                       (abs)        30000E
__S1                       (abs)        00008C
__S2                       (abs)        000000
___awdiv                   text10       001F26
___awdiv@counter           cstackCOMRAM 00001E
___awdiv@dividend          cstackCOMRAM 00001A
___awdiv@divisor           cstackCOMRAM 00001C
___awdiv@quotient          cstackCOMRAM 000020
___awdiv@sign              cstackCOMRAM 00001F
___awmod                   text9        002122
___awmod@counter           cstackCOMRAM 000018
___awmod@dividend          cstackCOMRAM 000014
___awmod@divisor           cstackCOMRAM 000016
___awmod@sign              cstackCOMRAM 000019
___ftadd                   text18       0015A6
___ftadd@exp1              cstackBANK0  000062
___ftadd@exp2              cstackBANK0  000061
___ftadd@f1                cstackCOMRAM 000041
___ftadd@f2                cstackCOMRAM 000044
___ftadd@sign              cstackBANK0  000060
___ftdiv                   text27       001B9A
___ftdiv@cntr              cstackCOMRAM 000029
___ftdiv@exp               cstackCOMRAM 00002D
___ftdiv@f1                cstackCOMRAM 000020
___ftdiv@f2                cstackCOMRAM 000023
___ftdiv@f3                cstackCOMRAM 00002A
___ftdiv@sign              cstackCOMRAM 00002E
___ftge                    text20       001E96
___ftge@ff1                cstackCOMRAM 000014
___ftge@ff2                cstackCOMRAM 000017
___ftmul                   text8        001AA6
___ftmul@cntr              cstackCOMRAM 000035
___ftmul@exp               cstackCOMRAM 000031
___ftmul@f1                cstackCOMRAM 000028
___ftmul@f2                cstackCOMRAM 00002B
___ftmul@f3_as_product     cstackCOMRAM 000032
___ftmul@sign              cstackCOMRAM 000036
___ftneg                   text19       00231A
___ftneg@f1                cstackCOMRAM 000014
___ftpack                  text28       001D3E
___ftpack@arg              cstackCOMRAM 000014
___ftpack@exp              cstackCOMRAM 000017
___ftpack@sign             cstackCOMRAM 000018
___ftsub                   text17       002254
___ftsub@f1                cstackBANK0  000063
___ftsub@f2                cstackBANK0  000066
___fttol                   text16       0019AE
___fttol@exp1              cstackBANK0  000065
___fttol@f1                cstackCOMRAM 00003E
___fttol@lval              cstackBANK0  000061
___fttol@sign1             cstackBANK0  000060
___inthi_sp                stack        000000
___intlo_sp                stack        000000
___lbtoft                  text26       00233E
___lbtoft@c                cstackCOMRAM 00001F
___lldiv                   text15       001FAA
___lldiv@counter           cstackCOMRAM 000020
___lldiv@dividend          cstackCOMRAM 000014
___lldiv@divisor           cstackCOMRAM 000018
___lldiv@quotient          cstackCOMRAM 00001C
___llmod                   text14       002192
___llmod@counter           cstackCOMRAM 00001C
___llmod@dividend          cstackCOMRAM 000014
___llmod@divisor           cstackCOMRAM 000018
___lltoft                  text13       0021F8
___lltoft@c                cstackCOMRAM 00001C
___lltoft@exp              cstackCOMRAM 000024
___param_bank              (abs)        000000
___rparam_used             (abs)        000001
___sp                      stack        000000
___wmul                    text7        0022F4
___wmul@multiplicand       cstackCOMRAM 000024
___wmul@multiplier         cstackCOMRAM 000022
___wmul@product            cstackCOMRAM 000026
__accesstop                (abs)        000060
__activetblptr             (abs)        000002
__div_to_l_                text12       001886
__div_to_l_@cntr           cstackCOMRAM 00001E
__div_to_l_@exp1           cstackCOMRAM 00001F
__div_to_l_@f1             cstackCOMRAM 000014
__div_to_l_@f2             cstackCOMRAM 000017
__div_to_l_@quot           cstackCOMRAM 00001A
__end_of_ADC_Read          text29       0023B2
__end_of___awdiv           text10       001FAA
__end_of___awmod           text9        002192
__end_of___ftadd           text18       001754
__end_of___ftdiv           text27       001C80
__end_of___ftge            text20       001F26
__end_of___ftmul           text8        001B9A
__end_of___ftneg           text19       00233E
__end_of___ftpack          text28       001DEC
__end_of___ftsub           text17       002296
__end_of___fttol           text16       001AA6
__end_of___lbtoft          text26       002362
__end_of___lldiv           text15       00202C
__end_of___llmod           text14       0021F8
__end_of___lltoft          text13       002254
__end_of___wmul            text7        00231A
__end_of__div_to_l_        text12       0019AE
__end_of__initialization   cinit        0023B2
__end_of__npowers_         smallconst   000877
__end_of__powers_          smallconst   000850
__end_of__tdiv_to_l_       text11       001886
__end_of_caracter_inicio   text23       0022F4
__end_of_dpowers           smallconst   000829
__end_of_envia_byte_lcd    text24       0022C6
__end_of_envia_nibble_lcd  text25       0020AC
__end_of_escreve_lcd       text4        0023CE
__end_of_fround            text6        0015A6
__end_of_inicializa_lcd    text21       002122
__end_of_isdigit           text5        002380
__end_of_limpa_lcd         text22       00239A
__end_of_main              text0        001E96
__end_of_printf            text1        000F4C
__end_of_putch             text3        0023D8
__end_of_scale             text2        001354
__end_of_tmr2              intcode_body 001D3E
__initialization           cinit        0023B2
__mediumconst              mediumconst  000000
__npowers_                 smallconst   000850
__pcinit                   cinit        0023B2
__pcstackBANK0             cstackBANK0  000060
__pcstackCOMRAM            cstackCOMRAM 000001
__pintcode                 intcode      000008
__pintcode_body            intcode_body 001C80
__pnvBANK0                 nvBANK0      00008B
__powers_                  smallconst   000829
__psmallconst              smallconst   000800
__ptext0                   text0        001DEC
__ptext1                   text1        000886
__ptext10                  text10       001F26
__ptext11                  text11       001754
__ptext12                  text12       001886
__ptext13                  text13       0021F8
__ptext14                  text14       002192
__ptext15                  text15       001FAA
__ptext16                  text16       0019AE
__ptext17                  text17       002254
__ptext18                  text18       0015A6
__ptext19                  text19       00231A
__ptext2                   text2        000F4C
__ptext20                  text20       001E96
__ptext21                  text21       0020AC
__ptext22                  text22       002380
__ptext23                  text23       0022C6
__ptext24                  text24       002296
__ptext25                  text25       00202C
__ptext26                  text26       00233E
__ptext27                  text27       001B9A
__ptext28                  text28       001D3E
__ptext29                  text29       00239A
__ptext3                   text3        0023CE
__ptext4                   text4        0023C0
__ptext5                   text5        002362
__ptext6                   text6        001354
__ptext7                   text7        0022F4
__ptext8                   text8        001AA6
__ptext9                   text9        002122
__ramtop                   ramtop       000800
__size_of_ADC_Read         (abs)        000000
__size_of___awdiv          (abs)        000000
__size_of___awmod          (abs)        000000
__size_of___ftadd          (abs)        000000
__size_of___ftdiv          (abs)        000000
__size_of___ftge           (abs)        000000
__size_of___ftmul          (abs)        000000
__size_of___ftneg          (abs)        000000
__size_of___ftpack         (abs)        000000
__size_of___ftsub          (abs)        000000
__size_of___fttol          (abs)        000000
__size_of___lbtoft         (abs)        000000
__size_of___lldiv          (abs)        000000
__size_of___llmod          (abs)        000000
__size_of___lltoft         (abs)        000000
__size_of___wmul           (abs)        000000
__size_of__div_to_l_       (abs)        000000
__size_of__tdiv_to_l_      (abs)        000000
__size_of_caracter_inicio  (abs)        000000
__size_of_envia_byte_lcd   (abs)        000000
__size_of_envia_nibble_lcd (abs)        000000
__size_of_escreve_lcd      (abs)        000000
__size_of_fround           (abs)        000000
__size_of_inicializa_lcd   (abs)        000000
__size_of_isdigit          (abs)        000000
__size_of_limpa_lcd        (abs)        000000
__size_of_main             (abs)        000000
__size_of_printf           (abs)        000000
__size_of_putch            (abs)        000000
__size_of_scale            (abs)        000000
__size_of_tmr2             (abs)        000000
__smallconst               smallconst   000800
__tdiv_to_l_               text11       001754
__tdiv_to_l_@cntr          cstackCOMRAM 000021
__tdiv_to_l_@exp1          cstackCOMRAM 000022
__tdiv_to_l_@f1            cstackCOMRAM 000014
__tdiv_to_l_@f2            cstackCOMRAM 000017
__tdiv_to_l_@quot          cstackCOMRAM 00001D
_caracter_inicio           text23       0022C6
_dpowers                   smallconst   000801
_duty                      nvBANK0      00008B
_envia_byte_lcd            text24       002296
_envia_nibble_lcd          text25       00202C
_escreve_lcd               text4        0023C0
_fround                    text6        001354
_fround$933                cstackCOMRAM 00003D
_fround$934                cstackCOMRAM 00003A
_inicializa_lcd            text21       0020AC
_isdigit                   text5        002362
_isdigit$595               cstackCOMRAM 000015
_limpa_lcd                 text22       002380
_main                      text0        001DEC
_printf                    text1        000886
_printf$936                cstackBANK0  000074
_putch                     text3        0023CE
_scale                     text2        000F4C
_scale$935                 cstackCOMRAM 00003A
_tmr2                      intcode      000008
btemp                      temp         00004A
caracter_inicio@coluna     cstackCOMRAM 000018
caracter_inicio@linha      cstackCOMRAM 000019
caracter_inicio@posicao    cstackCOMRAM 00001A
end_of_initialization      cinit        0023B2
envia_byte_lcd@dado        cstackCOMRAM 000016
envia_byte_lcd@endereco    cstackCOMRAM 000017
envia_nibble_lcd@dado      cstackCOMRAM 000015
escreve_lcd@c              cstackCOMRAM 000018
fround@prec                cstackCOMRAM 000040
int$flags                  temp         00004A
int_func                   intcode_body 001C80
intlevel0                  text         000000
intlevel1                  text         000000
intlevel2                  text         000000
intlevel3                  text         000000
isdigit@c                  cstackCOMRAM 000016
printf@ap                  cstackBANK0  000077
printf@c                   cstackBANK0  00008A
printf@exp                 cstackBANK0  00007F
printf@f                   cstackBANK0  000069
printf@flag                cstackBANK0  000079
printf@fval                cstackBANK0  000087
printf@prec                cstackBANK0  000085
printf@tmpval              cstackBANK0  000081
printf@val                 cstackBANK0  00007B
putch@data                 cstackCOMRAM 000019
scale@scl                  cstackCOMRAM 00003D
stackhi                    (abs)        0007FF
stacklo                    (abs)        00008C
start                      init         00000E
start_initialization       cinit        0023B2
wtemp6                     temp         00004B


FUNCTION INFORMATION:

 *************** function _main *****************
 Defined at:
		line 89 in file "main.c"
 Parameters:    Size  Location     Type
		None
 Auto vars:     Size  Location     Type
		None
 Return value:  Size  Location     Type
                  1    wreg      void 
 Registers used:
		wreg, fsr2l, fsr2h, status,2, status,0, tblptrl, tblptrh, tblptru, prodl, prodh, cstack
 Tracked objects:
		On entry : 
		On exit  : 
		Unchanged: 
 Data sizes:     COMRAM   BANK0   BANK1   BANK2   BANK3   BANK4   BANK5   BANK6   BANK7
      Params:         0       0       0       0       0       0       0       0       0
      Locals:         0       0       0       0       0       0       0       0       0
      Temps:          0       0       0       0       0       0       0       0       0
      Totals:         0       0       0       0       0       0       0       0       0
Total ram usage:        0 bytes
 Hardware stack levels required when called:    6
 This function calls:
		_ADC_Read
		___ftdiv
		___lbtoft
		_caracter_inicio
		_inicializa_lcd
		_limpa_lcd
		_printf
 This function is called by:
		Startup code after reset
 This function uses a non-reentrant model


 *************** function _printf *****************
 Defined at:
		line 464 in file "C:\Program Files (x86)\Microchip\xc8\v1.44\sources\common\doprnt.c"
 Parameters:    Size  Location     Type
  f               2    9[BANK0 ] PTR const unsigned char 
		 -> STR_1(13), 
 Auto vars:     Size  Location     Type
  tmpval          4   33[BANK0 ] struct .
  val             4   27[BANK0 ] unsigned long 
  fval            3   39[BANK0 ] unsigned long 
  cp              3    0        PTR const unsigned char 
  prec            2   37[BANK0 ] int 
  exp             2   31[BANK0 ] int 
  flag            2   25[BANK0 ] unsigned short 
  ap              2   23[BANK0 ] PTR void [1]
		 -> ?_printf(2), 
  len             2    0        unsigned int 
  width           2    0        int 
  c               1   42[BANK0 ] char 
  d               1    0        unsigned char 
 Return value:  Size  Location     Type
                  2    9[BANK0 ] int 
 Registers used:
		wreg, fsr2l, fsr2h, status,2, status,0, tblptrl, tblptrh, tblptru, prodl, prodh, cstack
 Tracked objects:
		On entry : 
		On exit  : 
		Unchanged: 
 Data sizes:     COMRAM   BANK0   BANK1   BANK2   BANK3   BANK4   BANK5   BANK6   BANK7
      Params:         0       5       0       0       0       0       0       0       0
      Locals:         0      23       0       0       0       0       0       0       0
      Temps:          0       6       0       0       0       0       0       0       0
      Totals:         0      34       0       0       0       0       0       0       0
Total ram usage:       34 bytes
 Hardware stack levels used:    1
 Hardware stack levels required when called:    5
 This function calls:
		___awdiv
		___ftadd
		___ftge
		___ftmul
		___ftneg
		___ftsub
		___fttol
		___lldiv
		___llmod
		___lltoft
		___wmul
		__div_to_l_
		__tdiv_to_l_
		_fround
		_isdigit
		_putch
		_scale
 This function is called by:
		_main
 This function uses a non-reentrant model


 *************** function _scale *****************
 Defined at:
		line 425 in file "C:\Program Files (x86)\Microchip\xc8\v1.44\sources\common\doprnt.c"
 Parameters:    Size  Location     Type
  scl             1    wreg     char 
 Auto vars:     Size  Location     Type
  scl             1   60[COMRAM] char 
 Return value:  Size  Location     Type
                  3   54[COMRAM] char 
 Registers used:
		wreg, status,2, status,0, tblptrl, tblptrh, tblptru, prodl, prodh, cstack
 Tracked objects:
		On entry : 
		On exit  : 
		Unchanged: 
 Data sizes:     COMRAM   BANK0   BANK1   BANK2   BANK3   BANK4   BANK5   BANK6   BANK7
      Params:         3       0       0       0       0       0       0       0       0
      Locals:         4       0       0       0       0       0       0       0       0
      Temps:          0       0       0       0       0       0       0       0       0
      Totals:         7       0       0       0       0       0       0       0       0
Total ram usage:        7 bytes
 Hardware stack levels used:    1
 Hardware stack levels required when called:    3
 This function calls:
		___awdiv
		___awmod
		___ftmul
		___wmul
 This function is called by:
		_printf
 This function uses a non-reentrant model


 *************** function _putch *****************
 Defined at:
		line 71 in file "main.c"
 Parameters:    Size  Location     Type
  data            1    wreg     unsigned char 
 Auto vars:     Size  Location     Type
  data            1   24[COMRAM] unsigned char 
 Return value:  Size  Location     Type
                  1    wreg      void 
 Registers used:
		wreg, status,2, status,0, cstack
 Tracked objects:
		On entry : 
		On exit  : 
		Unchanged: 
 Data sizes:     COMRAM   BANK0   BANK1   BANK2   BANK3   BANK4   BANK5   BANK6   BANK7
      Params:         0       0       0       0       0       0       0       0       0
      Locals:         1       0       0       0       0       0       0       0       0
      Temps:          0       0       0       0       0       0       0       0       0
      Totals:         1       0       0       0       0       0       0       0       0
Total ram usage:        1 bytes
 Hardware stack levels used:    1
 Hardware stack levels required when called:    4
 This function calls:
		_escreve_lcd
 This function is called by:
		_printf
 This function uses a non-reentrant model


 *************** function _escreve_lcd *****************
 Defined at:
		line 33 in file "lcd.c"
 Parameters:    Size  Location     Type
  c               1    wreg     unsigned char 
 Auto vars:     Size  Location     Type
  c               1   23[COMRAM] unsigned char 
 Return value:  Size  Location     Type
                  1    wreg      void 
 Registers used:
		wreg, status,2, status,0, cstack
 Tracked objects:
		On entry : 
		On exit  : 
		Unchanged: 
 Data sizes:     COMRAM   BANK0   BANK1   BANK2   BANK3   BANK4   BANK5   BANK6   BANK7
      Params:         0       0       0       0       0       0       0       0       0
      Locals:         1       0       0       0       0       0       0       0       0
      Temps:          0       0       0       0       0       0       0       0       0
      Totals:         1       0       0       0       0       0       0       0       0
Total ram usage:        1 bytes
 Hardware stack levels used:    1
 Hardware stack levels required when called:    3
 This function calls:
		_envia_byte_lcd
 This function is called by:
		_putch
 This function uses a non-reentrant model


 *************** function _isdigit *****************
 Defined at:
		line 8 in file "C:\Program Files (x86)\Microchip\xc8\v1.44\sources\common\isdigit.c"
 Parameters:    Size  Location     Type
  c               1    wreg     unsigned char 
 Auto vars:     Size  Location     Type
  c               1   21[COMRAM] unsigned char 
 Return value:  Size  Location     Type
		None               void
 Registers used:
		wreg, status,2, status,0
 Tracked objects:
		On entry : 
		On exit  : 
		Unchanged: 
 Data sizes:     COMRAM   BANK0   BANK1   BANK2   BANK3   BANK4   BANK5   BANK6   BANK7
      Params:         0       0       0       0       0       0       0       0       0
      Locals:         2       0       0       0       0       0       0       0       0
      Temps:          1       0       0       0       0       0       0       0       0
      Totals:         3       0       0       0       0       0       0       0       0
Total ram usage:        3 bytes
 Hardware stack levels used:    1
 Hardware stack levels required when called:    1
 This function calls:
		Nothing
 This function is called by:
		_printf
 This function uses a non-reentrant model


 *************** function _fround *****************
 Defined at:
		line 409 in file "C:\Program Files (x86)\Microchip\xc8\v1.44\sources\common\doprnt.c"
 Parameters:    Size  Location     Type
  prec            1    wreg     unsigned char 
 Auto vars:     Size  Location     Type
  prec            1   63[COMRAM] unsigned char 
 Return value:  Size  Location     Type
                  3   54[COMRAM] unsigned char 
 Registers used:
		wreg, status,2, status,0, tblptrl, tblptrh, tblptru, prodl, prodh, cstack
 Tracked objects:
		On entry : 
		On exit  : 
		Unchanged: 
 Data sizes:     COMRAM   BANK0   BANK1   BANK2   BANK3   BANK4   BANK5   BANK6   BANK7
      Params:         3       0       0       0       0       0       0       0       0
      Locals:         7       0       0       0       0       0       0       0       0
      Temps:          0       0       0       0       0       0       0       0       0
      Totals:        10       0       0       0       0       0       0       0       0
Total ram usage:       10 bytes
 Hardware stack levels used:    1
 Hardware stack levels required when called:    3
 This function calls:
		___awdiv
		___awmod
		___ftmul
		___wmul
 This function is called by:
		_printf
 This function uses a non-reentrant model


 *************** function ___wmul *****************
 Defined at:
		line 15 in file "C:\Program Files (x86)\Microchip\xc8\v1.44\sources\common\Umul16.c"
 Parameters:    Size  Location     Type
  multiplier      2   33[COMRAM] unsigned int 
  multiplicand    2   35[COMRAM] unsigned int 
 Auto vars:     Size  Location     Type
  product         2   37[COMRAM] unsigned int 
 Return value:  Size  Location     Type
                  2   33[COMRAM] unsigned int 
 Registers used:
		wreg, status,2, status,0, prodl, prodh
 Tracked objects:
		On entry : 
		On exit  : 
		Unchanged: 
 Data sizes:     COMRAM   BANK0   BANK1   BANK2   BANK3   BANK4   BANK5   BANK6   BANK7
      Params:         4       0       0       0       0       0       0       0       0
      Locals:         2       0       0       0       0       0       0       0       0
      Temps:          0       0       0       0       0       0       0       0       0
      Totals:         6       0       0       0       0       0       0       0       0
Total ram usage:        6 bytes
 Hardware stack levels used:    1
 Hardware stack levels required when called:    1
 This function calls:
		Nothing
 This function is called by:
		_fround
		_scale
		_printf
 This function uses a non-reentrant model


 *************** function ___ftmul *****************
 Defined at:
		line 62 in file "C:\Program Files (x86)\Microchip\xc8\v1.44\sources\common\ftmul.c"
 Parameters:    Size  Location     Type
  f1              3   39[COMRAM] float 
  f2              3   42[COMRAM] float 
 Auto vars:     Size  Location     Type
  f3_as_produc    3   49[COMRAM] unsigned um
  sign            1   53[COMRAM] unsigned char 
  cntr            1   52[COMRAM] unsigned char 
  exp             1   48[COMRAM] unsigned char 
 Return value:  Size  Location     Type
                  3   39[COMRAM] float 
 Registers used:
		wreg, status,2, status,0, cstack
 Tracked objects:
		On entry : 
		On exit  : 
		Unchanged: 
 Data sizes:     COMRAM   BANK0   BANK1   BANK2   BANK3   BANK4   BANK5   BANK6   BANK7
      Params:         6       0       0       0       0       0       0       0       0
      Locals:         6       0       0       0       0       0       0       0       0
      Temps:          3       0       0       0       0       0       0       0       0
      Totals:        15       0       0       0       0       0       0       0       0
Total ram usage:       15 bytes
 Hardware stack levels used:    1
 Hardware stack levels required when called:    2
 This function calls:
		___ftpack
 This function is called by:
		_fround
		_scale
		_printf
 This function uses a non-reentrant model


 *************** function ___awmod *****************
 Defined at:
		line 8 in file "C:\Program Files (x86)\Microchip\xc8\v1.44\sources\common\awmod.c"
 Parameters:    Size  Location     Type
  dividend        2   19[COMRAM] int 
  divisor         2   21[COMRAM] int 
 Auto vars:     Size  Location     Type
  sign            1   24[COMRAM] unsigned char 
  counter         1   23[COMRAM] unsigned char 
 Return value:  Size  Location     Type
                  2   19[COMRAM] int 
 Registers used:
		wreg, status,2, status,0
 Tracked objects:
		On entry : 
		On exit  : 
		Unchanged: 
 Data sizes:     COMRAM   BANK0   BANK1   BANK2   BANK3   BANK4   BANK5   BANK6   BANK7
      Params:         4       0       0       0       0       0       0       0       0
      Locals:         2       0       0       0       0       0       0       0       0
      Temps:          0       0       0       0       0       0       0       0       0
      Totals:         6       0       0       0       0       0       0       0       0
Total ram usage:        6 bytes
 Hardware stack levels used:    1
 Hardware stack levels required when called:    1
 This function calls:
		Nothing
 This function is called by:
		_fround
		_scale
 This function uses a non-reentrant model


 *************** function ___awdiv *****************
 Defined at:
		line 8 in file "C:\Program Files (x86)\Microchip\xc8\v1.44\sources\common\awdiv.c"
 Parameters:    Size  Location     Type
  dividend        2   25[COMRAM] int 
  divisor         2   27[COMRAM] int 
 Auto vars:     Size  Location     Type
  quotient        2   31[COMRAM] int 
  sign            1   30[COMRAM] unsigned char 
  counter         1   29[COMRAM] unsigned char 
 Return value:  Size  Location     Type
                  2   25[COMRAM] int 
 Registers used:
		wreg, status,2, status,0
 Tracked objects:
		On entry : 
		On exit  : 
		Unchanged: 
 Data sizes:     COMRAM   BANK0   BANK1   BANK2   BANK3   BANK4   BANK5   BANK6   BANK7
      Params:         4       0       0       0       0       0       0       0       0
      Locals:         4       0       0       0       0       0       0       0       0
      Temps:          0       0       0       0       0       0       0       0       0
      Totals:         8       0       0       0       0       0       0       0       0
Total ram usage:        8 bytes
 Hardware stack levels used:    1
 Hardware stack levels required when called:    1
 This function calls:
		Nothing
 This function is called by:
		_fround
		_scale
		_printf
 This function uses a non-reentrant model


 *************** function __tdiv_to_l_ *****************
 Defined at:
		line 60 in file "C:\Program Files (x86)\Microchip\xc8\v1.44\sources\common\ftdivl.c"
 Parameters:    Size  Location     Type
  f1              3   19[COMRAM] float 
  f2              3   22[COMRAM] float 
 Auto vars:     Size  Location     Type
  quot            4   28[COMRAM] unsigned long 
  exp1            1   33[COMRAM] unsigned char 
  cntr            1   32[COMRAM] unsigned char 
 Return value:  Size  Location     Type
                  4   19[COMRAM] unsigned long 
 Registers used:
		wreg, status,2, status,0
 Tracked objects:
		On entry : 
		On exit  : 
		Unchanged: 
 Data sizes:     COMRAM   BANK0   BANK1   BANK2   BANK3   BANK4   BANK5   BANK6   BANK7
      Params:         6       0       0       0       0       0       0       0       0
      Locals:         6       0       0       0       0       0       0       0       0
      Temps:          3       0       0       0       0       0       0       0       0
      Totals:        15       0       0       0       0       0       0       0       0
Total ram usage:       15 bytes
 Hardware stack levels used:    1
 Hardware stack levels required when called:    1
 This function calls:
		Nothing
 This function is called by:
		_printf
 This function uses a non-reentrant model


 *************** function __div_to_l_ *****************
 Defined at:
		line 60 in file "C:\Program Files (x86)\Microchip\xc8\v1.44\sources\common\fldivl.c"
 Parameters:    Size  Location     Type
  f1              3   19[COMRAM] unsigned long 
  f2              3   22[COMRAM] unsigned long 
 Auto vars:     Size  Location     Type
  quot            4   25[COMRAM] unsigned long 
  exp1            1   30[COMRAM] unsigned char 
  cntr            1   29[COMRAM] unsigned char 
 Return value:  Size  Location     Type
                  4   19[COMRAM] unsigned long 
 Registers used:
		wreg, status,2, status,0
 Tracked objects:
		On entry : 
		On exit  : 
		Unchanged: 
 Data sizes:     COMRAM   BANK0   BANK1   BANK2   BANK3   BANK4   BANK5   BANK6   BANK7
      Params:         6       0       0       0       0       0       0       0       0
      Locals:         6       0       0       0       0       0       0       0       0
      Temps:          0       0       0       0       0       0       0       0       0
      Totals:        12       0       0       0       0       0       0       0       0
Total ram usage:       12 bytes
 Hardware stack levels used:    1
 Hardware stack levels required when called:    1
 This function calls:
		Nothing
 This function is called by:
		_printf
 This function uses a non-reentrant model


 *************** function ___lltoft *****************
 Defined at:
		line 35 in file "C:\Program Files (x86)\Microchip\xc8\v1.44\sources\common\lltoft.c"
 Parameters:    Size  Location     Type
  c               4   27[COMRAM] unsigned long 
 Auto vars:     Size  Location     Type
  exp             1   35[COMRAM] unsigned char 
 Return value:  Size  Location     Type
                  3   27[COMRAM] float 
 Registers used:
		wreg, status,2, status,0, cstack
 Tracked objects:
		On entry : 
		On exit  : 
		Unchanged: 
 Data sizes:     COMRAM   BANK0   BANK1   BANK2   BANK3   BANK4   BANK5   BANK6   BANK7
      Params:         4       0       0       0       0       0       0       0       0
      Locals:         1       0       0       0       0       0       0       0       0
      Temps:          4       0       0       0       0       0       0       0       0
      Totals:         9       0       0       0       0       0       0       0       0
Total ram usage:        9 bytes
 Hardware stack levels used:    1
 Hardware stack levels required when called:    2
 This function calls:
		___ftpack
 This function is called by:
		_printf
 This function uses a non-reentrant model


 *************** function ___llmod *****************
 Defined at:
		line 8 in file "C:\Program Files (x86)\Microchip\xc8\v1.44\sources\common\llmod.c"
 Parameters:    Size  Location     Type
  dividend        4   19[COMRAM] unsigned long 
  divisor         4   23[COMRAM] unsigned long 
 Auto vars:     Size  Location     Type
  counter         1   27[COMRAM] unsigned char 
 Return value:  Size  Location     Type
                  4   19[COMRAM] unsigned long 
 Registers used:
		wreg, status,2, status,0
 Tracked objects:
		On entry : 
		On exit  : 
		Unchanged: 
 Data sizes:     COMRAM   BANK0   BANK1   BANK2   BANK3   BANK4   BANK5   BANK6   BANK7
      Params:         8       0       0       0       0       0       0       0       0
      Locals:         1       0       0       0       0       0       0       0       0
      Temps:          0       0       0       0       0       0       0       0       0
      Totals:         9       0       0       0       0       0       0       0       0
Total ram usage:        9 bytes
 Hardware stack levels used:    1
 Hardware stack levels required when called:    1
 This function calls:
		Nothing
 This function is called by:
		_printf
 This function uses a non-reentrant model


 *************** function ___lldiv *****************
 Defined at:
		line 8 in file "C:\Program Files (x86)\Microchip\xc8\v1.44\sources\common\lldiv.c"
 Parameters:    Size  Location     Type
  dividend        4   19[COMRAM] unsigned long 
  divisor         4   23[COMRAM] unsigned long 
 Auto vars:     Size  Location     Type
  quotient        4   27[COMRAM] unsigned long 
  counter         1   31[COMRAM] unsigned char 
 Return value:  Size  Location     Type
                  4   19[COMRAM] unsigned long 
 Registers used:
		wreg, status,2, status,0
 Tracked objects:
		On entry : 
		On exit  : 
		Unchanged: 
 Data sizes:     COMRAM   BANK0   BANK1   BANK2   BANK3   BANK4   BANK5   BANK6   BANK7
      Params:         8       0       0       0       0       0       0       0       0
      Locals:         5       0       0       0       0       0       0       0       0
      Temps:          0       0       0       0       0       0       0       0       0
      Totals:        13       0       0       0       0       0       0       0       0
Total ram usage:       13 bytes
 Hardware stack levels used:    1
 Hardware stack levels required when called:    1
 This function calls:
		Nothing
 This function is called by:
		_printf
 This function uses a non-reentrant model


 *************** function ___fttol *****************
 Defined at:
		line 44 in file "C:\Program Files (x86)\Microchip\xc8\v1.44\sources\common\fttol.c"
 Parameters:    Size  Location     Type
  f1              3   61[COMRAM] float 
 Auto vars:     Size  Location     Type
  lval            4    1[BANK0 ] unsigned long 
  exp1            1    5[BANK0 ] unsigned char 
  sign1           1    0[BANK0 ] unsigned char 
 Return value:  Size  Location     Type
                  4   61[COMRAM] long 
 Registers used:
		wreg, status,2, status,0
 Tracked objects:
		On entry : 
		On exit  : 
		Unchanged: 
 Data sizes:     COMRAM   BANK0   BANK1   BANK2   BANK3   BANK4   BANK5   BANK6   BANK7
      Params:         4       0       0       0       0       0       0       0       0
      Locals:         0       6       0       0       0       0       0       0       0
      Temps:          5       0       0       0       0       0       0       0       0
      Totals:         9       6       0       0       0       0       0       0       0
Total ram usage:       15 bytes
 Hardware stack levels used:    1
 Hardware stack levels required when called:    1
 This function calls:
		Nothing
 This function is called by:
		_printf
 This function uses a non-reentrant model


 *************** function ___ftsub *****************
 Defined at:
		line 20 in file "C:\Program Files (x86)\Microchip\xc8\v1.44\sources\common\ftsub.c"
 Parameters:    Size  Location     Type
  f1              3    3[BANK0 ] float 
  f2              3    6[BANK0 ] float 
 Auto vars:     Size  Location     Type
		None
 Return value:  Size  Location     Type
                  3    3[BANK0 ] float 
 Registers used:
		wreg, status,2, status,0, cstack
 Tracked objects:
		On entry : 
		On exit  : 
		Unchanged: 
 Data sizes:     COMRAM   BANK0   BANK1   BANK2   BANK3   BANK4   BANK5   BANK6   BANK7
      Params:         0       6       0       0       0       0       0       0       0
      Locals:         0       0       0       0       0       0       0       0       0
      Temps:          0       0       0       0       0       0       0       0       0
      Totals:         0       6       0       0       0       0       0       0       0
Total ram usage:        6 bytes
 Hardware stack levels used:    1
 Hardware stack levels required when called:    3
 This function calls:
		___ftadd
 This function is called by:
		_printf
 This function uses a non-reentrant model


 *************** function ___ftadd *****************
 Defined at:
		line 86 in file "C:\Program Files (x86)\Microchip\xc8\v1.44\sources\common\ftadd.c"
 Parameters:    Size  Location     Type
  f1              3   64[COMRAM] float 
  f2              3   67[COMRAM] float 
 Auto vars:     Size  Location     Type
  exp1            1    2[BANK0 ] unsigned char 
  exp2            1    1[BANK0 ] unsigned char 
  sign            1    0[BANK0 ] unsigned char 
 Return value:  Size  Location     Type
                  3   64[COMRAM] float 
 Registers used:
		wreg, status,2, status,0, cstack
 Tracked objects:
		On entry : 
		On exit  : 
		Unchanged: 
 Data sizes:     COMRAM   BANK0   BANK1   BANK2   BANK3   BANK4   BANK5   BANK6   BANK7
      Params:         6       0       0       0       0       0       0       0       0
      Locals:         0       3       0       0       0       0       0       0       0
      Temps:          3       0       0       0       0       0       0       0       0
      Totals:         9       3       0       0       0       0       0       0       0
Total ram usage:       12 bytes
 Hardware stack levels used:    1
 Hardware stack levels required when called:    2
 This function calls:
		___ftpack
 This function is called by:
		_printf
		___ftsub
 This function uses a non-reentrant model


 *************** function ___ftneg *****************
 Defined at:
		line 15 in file "C:\Program Files (x86)\Microchip\xc8\v1.44\sources\common\ftneg.c"
 Parameters:    Size  Location     Type
  f1              3   19[COMRAM] float 
 Auto vars:     Size  Location     Type
		None
 Return value:  Size  Location     Type
                  3   19[COMRAM] float 
 Registers used:
		wreg, status,2, status,0
 Tracked objects:
		On entry : 
		On exit  : 
		Unchanged: 
 Data sizes:     COMRAM   BANK0   BANK1   BANK2   BANK3   BANK4   BANK5   BANK6   BANK7
      Params:         3       0       0       0       0       0       0       0       0
      Locals:         0       0       0       0       0       0       0       0       0
      Temps:          0       0       0       0       0       0       0       0       0
      Totals:         3       0       0       0       0       0       0       0       0
Total ram usage:        3 bytes
 Hardware stack levels used:    1
 Hardware stack levels required when called:    1
 This function calls:
		Nothing
 This function is called by:
		_printf
 This function uses a non-reentrant model


 *************** function ___ftge *****************
 Defined at:
		line 4 in file "C:\Program Files (x86)\Microchip\xc8\v1.44\sources\common\ftge.c"
 Parameters:    Size  Location     Type
  ff1             3   19[COMRAM] float 
  ff2             3   22[COMRAM] float 
 Auto vars:     Size  Location     Type
		None
 Return value:  Size  Location     Type
		None               void
 Registers used:
		wreg, status,2, status,0
 Tracked objects:
		On entry : 
		On exit  : 
		Unchanged: 
 Data sizes:     COMRAM   BANK0   BANK1   BANK2   BANK3   BANK4   BANK5   BANK6   BANK7
      Params:         6       0       0       0       0       0       0       0       0
      Locals:         0       0       0       0       0       0       0       0       0
      Temps:          3       0       0       0       0       0       0       0       0
      Totals:         9       0       0       0       0       0       0       0       0
Total ram usage:        9 bytes
 Hardware stack levels used:    1
 Hardware stack levels required when called:    1
 This function calls:
		Nothing
 This function is called by:
		_printf
 This function uses a non-reentrant model


 *************** function _inicializa_lcd *****************
 Defined at:
		line 43 in file "lcd.c"
 Parameters:    Size  Location     Type
		None
 Auto vars:     Size  Location     Type
		None
 Return value:  Size  Location     Type
                  1    wreg      void 
 Registers used:
		wreg, status,2, status,0, cstack
 Tracked objects:
		On entry : 
		On exit  : 
		Unchanged: 
 Data sizes:     COMRAM   BANK0   BANK1   BANK2   BANK3   BANK4   BANK5   BANK6   BANK7
      Params:         0       0       0       0       0       0       0       0       0
      Locals:         0       0       0       0       0       0       0       0       0
      Temps:          1       0       0       0       0       0       0       0       0
      Totals:         1       0       0       0       0       0       0       0       0
Total ram usage:        1 bytes
 Hardware stack levels used:    1
 Hardware stack levels required when called:    4
 This function calls:
		_envia_byte_lcd
		_envia_nibble_lcd
		_limpa_lcd
 This function is called by:
		_main
 This function uses a non-reentrant model


 *************** function _limpa_lcd *****************
 Defined at:
		line 36 in file "lcd.c"
 Parameters:    Size  Location     Type
		None
 Auto vars:     Size  Location     Type
		None
 Return value:  Size  Location     Type
                  1    wreg      void 
 Registers used:
		wreg, status,2, status,0, cstack
 Tracked objects:
		On entry : 
		On exit  : 
		Unchanged: 
 Data sizes:     COMRAM   BANK0   BANK1   BANK2   BANK3   BANK4   BANK5   BANK6   BANK7
      Params:         0       0       0       0       0       0       0       0       0
      Locals:         0       0       0       0       0       0       0       0       0
      Temps:          1       0       0       0       0       0       0       0       0
      Totals:         1       0       0       0       0       0       0       0       0
Total ram usage:        1 bytes
 Hardware stack levels used:    1
 Hardware stack levels required when called:    3
 This function calls:
		_envia_byte_lcd
 This function is called by:
		_main
		_inicializa_lcd
 This function uses a non-reentrant model


 *************** function _caracter_inicio *****************
 Defined at:
		line 67 in file "lcd.c"
 Parameters:    Size  Location     Type
  linha           1    wreg     unsigned char 
  coluna          1   23[COMRAM] unsigned char 
 Auto vars:     Size  Location     Type
  linha           1   24[COMRAM] unsigned char 
  posicao         1   25[COMRAM] unsigned char 
 Return value:  Size  Location     Type
                  1    wreg      void 
 Registers used:
		wreg, status,2, status,0, cstack
 Tracked objects:
		On entry : 
		On exit  : 
		Unchanged: 
 Data sizes:     COMRAM   BANK0   BANK1   BANK2   BANK3   BANK4   BANK5   BANK6   BANK7
      Params:         1       0       0       0       0       0       0       0       0
      Locals:         2       0       0       0       0       0       0       0       0
      Temps:          0       0       0       0       0       0       0       0       0
      Totals:         3       0       0       0       0       0       0       0       0
Total ram usage:        3 bytes
 Hardware stack levels used:    1
 Hardware stack levels required when called:    3
 This function calls:
		_envia_byte_lcd
 This function is called by:
		_main
 This function uses a non-reentrant model


 *************** function _envia_byte_lcd *****************
 Defined at:
		line 20 in file "lcd.c"
 Parameters:    Size  Location     Type
  endereco        1    wreg     unsigned char 
  dado            1   21[COMRAM] unsigned char 
 Auto vars:     Size  Location     Type
  endereco        1   22[COMRAM] unsigned char 
 Return value:  Size  Location     Type
                  1    wreg      void 
 Registers used:
		wreg, status,2, status,0, cstack
 Tracked objects:
		On entry : 
		On exit  : 
		Unchanged: 
 Data sizes:     COMRAM   BANK0   BANK1   BANK2   BANK3   BANK4   BANK5   BANK6   BANK7
      Params:         1       0       0       0       0       0       0       0       0
      Locals:         1       0       0       0       0       0       0       0       0
      Temps:          0       0       0       0       0       0       0       0       0
      Totals:         2       0       0       0       0       0       0       0       0
Total ram usage:        2 bytes
 Hardware stack levels used:    1
 Hardware stack levels required when called:    2
 This function calls:
		_envia_nibble_lcd
 This function is called by:
		_escreve_lcd
		_limpa_lcd
		_inicializa_lcd
		_caracter_inicio
 This function uses a non-reentrant model


 *************** function _envia_nibble_lcd *****************
 Defined at:
		line 4 in file "lcd.c"
 Parameters:    Size  Location     Type
  dado            1    wreg     unsigned char 
 Auto vars:     Size  Location     Type
  dado            1   20[COMRAM] unsigned char 
 Return value:  Size  Location     Type
                  1    wreg      void 
 Registers used:
		wreg, status,2, status,0
 Tracked objects:
		On entry : 
		On exit  : 
		Unchanged: 
 Data sizes:     COMRAM   BANK0   BANK1   BANK2   BANK3   BANK4   BANK5   BANK6   BANK7
      Params:         0       0       0       0       0       0       0       0       0
      Locals:         1       0       0       0       0       0       0       0       0
      Temps:          1       0       0       0       0       0       0       0       0
      Totals:         2       0       0       0       0       0       0       0       0
Total ram usage:        2 bytes
 Hardware stack levels used:    1
 Hardware stack levels required when called:    1
 This function calls:
		Nothing
 This function is called by:
		_envia_byte_lcd
		_inicializa_lcd
 This function uses a non-reentrant model


 *************** function ___lbtoft *****************
 Defined at:
		line 27 in file "C:\Program Files (x86)\Microchip\xc8\v1.44\sources\common\lbtoft.c"
 Parameters:    Size  Location     Type
  c               1    wreg     unsigned char 
 Auto vars:     Size  Location     Type
  c               1   30[COMRAM] unsigned char 
 Return value:  Size  Location     Type
                  3   27[COMRAM] float 
 Registers used:
		wreg, status,2, status,0, cstack
 Tracked objects:
		On entry : 
		On exit  : 
		Unchanged: 
 Data sizes:     COMRAM   BANK0   BANK1   BANK2   BANK3   BANK4   BANK5   BANK6   BANK7
      Params:         3       0       0       0       0       0       0       0       0
      Locals:         1       0       0       0       0       0       0       0       0
      Temps:          0       0       0       0       0       0       0       0       0
      Totals:         4       0       0       0       0       0       0       0       0
Total ram usage:        4 bytes
 Hardware stack levels used:    1
 Hardware stack levels required when called:    2
 This function calls:
		___ftpack
 This function is called by:
		_main
 This function uses a non-reentrant model


 *************** function ___ftdiv *****************
 Defined at:
		line 54 in file "C:\Program Files (x86)\Microchip\xc8\v1.44\sources\common\ftdiv.c"
 Parameters:    Size  Location     Type
  f1              3   31[COMRAM] float 
  f2              3   34[COMRAM] float 
 Auto vars:     Size  Location     Type
  f3              3   41[COMRAM] float 
  sign            1   45[COMRAM] unsigned char 
  exp             1   44[COMRAM] unsigned char 
  cntr            1   40[COMRAM] unsigned char 
 Return value:  Size  Location     Type
                  3   31[COMRAM] float 
 Registers used:
		wreg, status,2, status,0, cstack
 Tracked objects:
		On entry : 
		On exit  : 
		Unchanged: 
 Data sizes:     COMRAM   BANK0   BANK1   BANK2   BANK3   BANK4   BANK5   BANK6   BANK7
      Params:         6       0       0       0       0       0       0       0       0
      Locals:         6       0       0       0       0       0       0       0       0
      Temps:          3       0       0       0       0       0       0       0       0
      Totals:        15       0       0       0       0       0       0       0       0
Total ram usage:       15 bytes
 Hardware stack levels used:    1
 Hardware stack levels required when called:    2
 This function calls:
		___ftpack
 This function is called by:
		_main
 This function uses a non-reentrant model


 *************** function ___ftpack *****************
 Defined at:
		line 62 in file "C:\Program Files (x86)\Microchip\xc8\v1.44\sources\common\float.c"
 Parameters:    Size  Location     Type
  arg             3   19[COMRAM] unsigned um
  exp             1   22[COMRAM] unsigned char 
  sign            1   23[COMRAM] unsigned char 
 Auto vars:     Size  Location     Type
		None
 Return value:  Size  Location     Type
                  3   19[COMRAM] float 
 Registers used:
		wreg, status,2, status,0
 Tracked objects:
		On entry : 
		On exit  : 
		Unchanged: 
 Data sizes:     COMRAM   BANK0   BANK1   BANK2   BANK3   BANK4   BANK5   BANK6   BANK7
      Params:         5       0       0       0       0       0       0       0       0
      Locals:         0       0       0       0       0       0       0       0       0
      Temps:          3       0       0       0       0       0       0       0       0
      Totals:         8       0       0       0       0       0       0       0       0
Total ram usage:        8 bytes
 Hardware stack levels used:    1
 Hardware stack levels required when called:    1
 This function calls:
		Nothing
 This function is called by:
		___ftadd
		___ftdiv
		___ftmul
		___lbtoft
		___lltoft
 This function uses a non-reentrant model


 *************** function _ADC_Read *****************
 Defined at:
		line 81 in file "main.c"
 Parameters:    Size  Location     Type
		None
 Auto vars:     Size  Location     Type
  aux             2   21[COMRAM] unsigned int 
 Return value:  Size  Location     Type
                  2   19[COMRAM] unsigned int 
 Registers used:
		wreg, status,2
 Tracked objects:
		On entry : 
		On exit  : 
		Unchanged: 
 Data sizes:     COMRAM   BANK0   BANK1   BANK2   BANK3   BANK4   BANK5   BANK6   BANK7
      Params:         2       0       0       0       0       0       0       0       0
      Locals:         2       0       0       0       0       0       0       0       0
      Temps:          0       0       0       0       0       0       0       0       0
      Totals:         4       0       0       0       0       0       0       0       0
Total ram usage:        4 bytes
 Hardware stack levels used:    1
 Hardware stack levels required when called:    1
 This function calls:
		Nothing
 This function is called by:
		_main
 This function uses a non-reentrant model


 *************** function _tmr2 *****************
 Defined at:
		line 131 in file "main.c"
 Parameters:    Size  Location     Type
		None
 Auto vars:     Size  Location     Type
		None
 Return value:  Size  Location     Type
                  1    wreg      void 
 Registers used:
		wreg, status,2, status,0
 Tracked objects:
		On entry : 
		On exit  : 
		Unchanged: 
 Data sizes:     COMRAM   BANK0   BANK1   BANK2   BANK3   BANK4   BANK5   BANK6   BANK7
      Params:         0       0       0       0       0       0       0       0       0
      Locals:         0       0       0       0       0       0       0       0       0
      Temps:         19       0       0       0       0       0       0       0       0
      Totals:        19       0       0       0       0       0       0       0       0
Total ram usage:       19 bytes
 Hardware stack levels used:    1
 This function calls:
		Nothing
 This function is called by:
		Interrupt level 2
 This function uses a non-reentrant model



MODULE INFORMATION

Module		Function		Class		Link	Load	Size
C:\Program Files (x86)\Microchip\xc8\v1.44\sources\common\lbtoft.c
		___lbtoft      		CODE           	233E	0000	37

C:\Program Files (x86)\Microchip\xc8\v1.44\sources\common\lbtoft.c estimated size: 37

C:\Program Files (x86)\Microchip\xc8\v1.44\sources\common\llmod.c
		___llmod       		CODE           	2192	0000	103

C:\Program Files (x86)\Microchip\xc8\v1.44\sources\common\llmod.c estimated size: 103

C:\Program Files (x86)\Microchip\xc8\v1.44\sources\common\lltoft.c
		___lltoft      		CODE           	21F8	0000	93

C:\Program Files (x86)\Microchip\xc8\v1.44\sources\common\lltoft.c estimated size: 93

C:\Program Files (x86)\Microchip\xc8\v1.44\sources\common\ftmul.c
		___ftmul       		CODE           	1AA6	0000	245

C:\Program Files (x86)\Microchip\xc8\v1.44\sources\common\ftmul.c estimated size: 245

C:\Program Files (x86)\Microchip\xc8\v1.44\sources\common\awmod.c
		___awmod       		CODE           	2122	0000	113

C:\Program Files (x86)\Microchip\xc8\v1.44\sources\common\awmod.c estimated size: 113

C:\Program Files (x86)\Microchip\xc8\v1.44\sources\common\ftdiv.c
		___ftdiv       		CODE           	1B9A	0000	231

C:\Program Files (x86)\Microchip\xc8\v1.44\sources\common\ftdiv.c estimated size: 231

C:\Program Files (x86)\Microchip\xc8\v1.44\sources\common\ftge.c
		___ftge        		CODE           	1E96	0000	145

C:\Program Files (x86)\Microchip\xc8\v1.44\sources\common\ftge.c estimated size: 145

C:\Program Files (x86)\Microchip\xc8\v1.44\sources\common\doprnt.c
		_scale         		CODE           	0F4C	0000	1033
		_printf        		CODE           	0886	0000	1735
		_fround        		CODE           	1354	0000	595

C:\Program Files (x86)\Microchip\xc8\v1.44\sources\common\doprnt.c estimated size: 3363

C:\Program Files (x86)\Microchip\xc8\v1.44\sources\common\ftdivl.c
		__tdiv_to_l_   		CODE           	1754	0000	307

C:\Program Files (x86)\Microchip\xc8\v1.44\sources\common\ftdivl.c estimated size: 307

C:\Program Files (x86)\Microchip\xc8\v1.44\sources\common\lldiv.c
		___lldiv       		CODE           	1FAA	0000	131

C:\Program Files (x86)\Microchip\xc8\v1.44\sources\common\lldiv.c estimated size: 131

C:\Program Files (x86)\Microchip\xc8\v1.44\sources\common\Umul16.c
		___wmul        		CODE           	22F4	0000	39

C:\Program Files (x86)\Microchip\xc8\v1.44\sources\common\Umul16.c estimated size: 39

C:\Program Files (x86)\Microchip\xc8\v1.44\sources\common\fttol.c
		___fttol       		CODE           	19AE	0000	249

C:\Program Files (x86)\Microchip\xc8\v1.44\sources\common\fttol.c estimated size: 249

shared
		__powers_      		SMALLCONST     	0829	0000	40
		_dpowers       		SMALLCONST     	0801	0000	41
		__npowers_     		SMALLCONST     	0850	0000	40
		__initialization		CODE           	23B2	0000	1

shared estimated size: 122

C:\Program Files (x86)\Microchip\xc8\v1.44\sources\common\awdiv.c
		___awdiv       		CODE           	1F26	0000	133

C:\Program Files (x86)\Microchip\xc8\v1.44\sources\common\awdiv.c estimated size: 133

C:\Program Files (x86)\Microchip\xc8\v1.44\sources\common\ftadd.c
		___ftadd       		CODE           	15A6	0000	431

C:\Program Files (x86)\Microchip\xc8\v1.44\sources\common\ftadd.c estimated size: 431

C:\Program Files (x86)\Microchip\xc8\v1.44\sources\common\isdigit.c
		_isdigit       		CODE           	2362	0000	31

C:\Program Files (x86)\Microchip\xc8\v1.44\sources\common\isdigit.c estimated size: 31

lcd.c
		_escreve_lcd   		CODE           	23C0	0000	15
		_caracter_inicio		CODE           	22C6	0000	47
		_limpa_lcd     		CODE           	2380	0000	27
		_inicializa_lcd		CODE           	20AC	0000	119
		_envia_byte_lcd		CODE           	2296	0000	49
		_envia_nibble_lcd		CODE           	202C	0000	129

lcd.c estimated size: 386

C:\Program Files (x86)\Microchip\xc8\v1.44\sources\common\fldivl.c
		__div_to_l_    		CODE           	1886	0000	297

C:\Program Files (x86)\Microchip\xc8\v1.44\sources\common\fldivl.c estimated size: 297

C:\Program Files (x86)\Microchip\xc8\v1.44\sources\common\ftneg.c
		___ftneg       		CODE           	231A	0000	37

C:\Program Files (x86)\Microchip\xc8\v1.44\sources\common\ftneg.c estimated size: 37

main.c
		_putch         		CODE           	23CE	0000	11
		_main          		CODE           	1DEC	0000	171
		_tmr2          		CODE           	0008	0000	197
		_ADC_Read      		CODE           	239A	0000	25

main.c estimated size: 404

C:\Program Files (x86)\Microchip\xc8\v1.44\sources\common\ftsub.c
		___ftsub       		CODE           	2254	0000	67

C:\Program Files (x86)\Microchip\xc8\v1.44\sources\common\ftsub.c estimated size: 67

C:\Program Files (x86)\Microchip\xc8\v1.44\sources\common\float.c
		___ftpack      		CODE           	1D3E	0000	175

C:\Program Files (x86)\Microchip\xc8\v1.44\sources\common\float.c estimated size: 175

